Microsoft (R) Macro Assembler Version 5.10                  9/22/18 13:56:28
                                                             Page     1-1


       1 0000				StkSeg  SEGMENT PARA STACK 'STACK'
       2 0000  0200[			        DB      200h DUP (?)
       3	   ??			
       4			 ]	
       5				
       6				
       7 0200				StkSeg  ENDS
       8				;
       9 0000				DataS   SEGMENT WORD 'DATA'
      10 0000  0D			HelloMessage    DB   13                
					;курсор поместить в нач. строки
      11 0001  0A			                DB   10                
					;перевести курсор на нов. строку
      12 0002  48 65 6C 6C 6F 2C	                DB   'Hello, world !'  
					;текст сообщения
      13       20 77 6F 72 6C 64	
      14       20 21			
      15 0010  24			                DB   '$'               
					;ограничитель для функции DOS
      16 0011				DataS   ENDS
      17				;
      18 0000				Code    SEGMENT WORD 'CODE'
      19				        ASSUME  CS:Code, DS:DataS
      20 0000				DispMsg:
      21 0000  B8 ---- R		        mov   AX,DataS                 
					;загрузка в AX адреса сегмента данных
      22 0003  8E D8			        mov   DS,AX                    
					;установка DS
      23 0005  BA 0000 R		        mov   DX,OFFSET HelloMessage   
					;DS:DX - адрес строки
      24 0008  B4 09			        mov   AH,9                     
					;АН=09h выдать на дисплей строку
      25 000A  CD 21			        int   21h                      
					;вызов  функции DOS
      26 000C  B4 07			        mov   AH,7                     
					;АН=07h ввести символ без эха
      27 000E  CD 21			        INT   21h                      
					;вызов  функции DOS
      28 0010  B4 4C			        mov   AH,4Ch                   
					;АН=4Ch завершить процесс
      29 0012  CD 21			        int   21h                      
					;вызов  функции DOS
      30 0014				Code    ENDS
      31				        END   DispMsg
Microsoft (R) Macro Assembler Version 5.10                  9/22/18 13:56:28
                                                             Symbols-1


Segments and Groups:

                N a m e         	Length	 Align	Combine Class

CODE . . . . . . . . . . . . . .  	0014	WORD	NONE	'CODE'
DATAS  . . . . . . . . . . . . .  	0011	WORD	NONE	'DATA'
STKSEG . . . . . . . . . . . . .  	0200	PARA	STACK	'STACK'

Symbols:            

                N a m e         	Type	 Value	 Attr

DISPMSG  . . . . . . . . . . . .  	L NEAR	0000	CODE

HELLOMESSAGE . . . . . . . . . .  	L BYTE	0000	DATAS

@CPU . . . . . . . . . . . . . .  	TEXT  0101h		
@FILENAME  . . . . . . . . . . .  	TEXT  prog		
@VERSION . . . . . . . . . . . .  	TEXT  510		


     26 Source  Lines
     26 Total   Lines
     12 Symbols

  46108 + 444880 Bytes symbol space free

      0 Warning Errors
      0 Severe  Errors
